------------------------------------------------------------
Timing Analyzer Summary
------------------------------------------------------------

Type  : Slow 1100mV 85C Model Setup 'KeyboardController:KC|last'
Slack : -10.124
TNS   : -160.110

Type  : Slow 1100mV 85C Model Setup 'ps2_clk'
Slack : -7.952
TNS   : -29.482

Type  : Slow 1100mV 85C Model Hold 'ps2_clk'
Slack : 0.242
TNS   : 0.000

Type  : Slow 1100mV 85C Model Hold 'KeyboardController:KC|last'
Slack : 0.830
TNS   : 0.000

Type  : Slow 1100mV 85C Model Minimum Pulse Width 'ps2_clk'
Slack : -0.394
TNS   : -10.583

Type  : Slow 1100mV 85C Model Minimum Pulse Width 'KeyboardController:KC|last'
Slack : -0.394
TNS   : -8.344

Type  : Slow 1100mV 0C Model Setup 'KeyboardController:KC|last'
Slack : -9.881
TNS   : -154.818

Type  : Slow 1100mV 0C Model Setup 'ps2_clk'
Slack : -7.633
TNS   : -28.480

Type  : Slow 1100mV 0C Model Hold 'ps2_clk'
Slack : 0.305
TNS   : 0.000

Type  : Slow 1100mV 0C Model Hold 'KeyboardController:KC|last'
Slack : 0.773
TNS   : 0.000

Type  : Slow 1100mV 0C Model Minimum Pulse Width 'ps2_clk'
Slack : -0.394
TNS   : -10.500

Type  : Slow 1100mV 0C Model Minimum Pulse Width 'KeyboardController:KC|last'
Slack : -0.394
TNS   : -8.193

Type  : Fast 1100mV 85C Model Setup 'KeyboardController:KC|last'
Slack : -6.135
TNS   : -93.424

Type  : Fast 1100mV 85C Model Setup 'ps2_clk'
Slack : -4.370
TNS   : -11.691

Type  : Fast 1100mV 85C Model Hold 'ps2_clk'
Slack : 0.149
TNS   : 0.000

Type  : Fast 1100mV 85C Model Hold 'KeyboardController:KC|last'
Slack : 0.451
TNS   : 0.000

Type  : Fast 1100mV 85C Model Minimum Pulse Width 'ps2_clk'
Slack : -0.381
TNS   : -7.685

Type  : Fast 1100mV 85C Model Minimum Pulse Width 'KeyboardController:KC|last'
Slack : 0.111
TNS   : 0.000

Type  : Fast 1100mV 0C Model Setup 'KeyboardController:KC|last'
Slack : -5.821
TNS   : -89.104

Type  : Fast 1100mV 0C Model Setup 'ps2_clk'
Slack : -3.992
TNS   : -9.487

Type  : Fast 1100mV 0C Model Hold 'ps2_clk'
Slack : 0.155
TNS   : 0.000

Type  : Fast 1100mV 0C Model Hold 'KeyboardController:KC|last'
Slack : 0.397
TNS   : 0.000

Type  : Fast 1100mV 0C Model Minimum Pulse Width 'ps2_clk'
Slack : -0.412
TNS   : -7.384

Type  : Fast 1100mV 0C Model Minimum Pulse Width 'KeyboardController:KC|last'
Slack : 0.132
TNS   : 0.000

------------------------------------------------------------
